{
  "captures": {
    "baseline.json": "b2bbc0eac9a95607b605f874edd15eb7fe0c4c964608130c460787eb00835ef6",
    "candidate.json": "d08edaf5bfad33a8698f109eb439b1fe5245c5d0c684261c52126e6f3ff83060"
  },
  "pack": {
    "conexiuni": {
      "old_records": 234,
      "old_records_changed": [],
      "records_added": [],
      "eligible_before_after": [
        76,
        76
      ],
      "eligible_removed": []
    },
    "contexto": {
      "old_records": 241,
      "old_records_changed": [],
      "records_added": [
        "ct_viata_de_roman_353"
      ],
      "eligible_before_after": [
        235,
        236
      ],
      "eligible_removed": []
    },
    "lant": {
      "old_records": 100,
      "old_records_changed": [],
      "records_added": [],
      "eligible_before_after": [
        97,
        97
      ],
      "eligible_removed": []
    },
    "alchimie": {
      "old_records": 83,
      "old_records_changed": [],
      "records_added": [],
      "eligible_before_after": [
        80,
        80
      ],
      "eligible_removed": []
    }
  },
  "derived": {
    "intrusul": {
      "old_boards": 183,
      "old_board_metadata_changed": [],
      "old_payloads_changed": [],
      "boards_added": [],
      "preferred_before_after": [
        144,
        144
      ],
      "preferred_removed": [],
      "starter_removed": []
    },
    "perechi": {
      "old_boards": 153,
      "old_board_metadata_changed": [],
      "old_payloads_changed": [],
      "boards_added": [],
      "preferred_before_after": [
        113,
        113
      ],
      "preferred_removed": [],
      "starter_removed": []
    }
  },
  "lant": {
    "old_records": 100,
    "changed": {},
    "invalid_after": {}
  },
  "direct_routes": {
    "count": 0,
    "absent_node_before": 0,
    "new_wins": 0,
    "failures_after": []
  },
  "alchimie": {
    "old_records": 83,
    "invalid_after": {},
    "missing_projections_after": [],
    "target_unreachable_after": [],
    "bounds_failures_after": {},
    "changed_ids": []
  },
  "contexto": {
    "old_records": 239,
    "invalid_after": {},
    "by_word": {
      "Tort Diplomat": {
        "resolution_before": {
          "native_id": "n_v87_food_tort_diplomat",
          "projection": null
        },
        "resolution_after": {
          "native_id": "n_v87_food_tort_diplomat",
          "projection": null
        },
        "changed": 1,
        "unchanged": 238,
        "accepted_after": 239,
        "wins_after": 1,
        "hot_after": 1
      },
      "Frișcă": {
        "resolution_before": {
          "native_id": "n_v86_food_frisca",
          "projection": null
        },
        "resolution_after": {
          "native_id": "n_v86_food_frisca",
          "projection": null
        },
        "changed": 0,
        "unchanged": 239,
        "accepted_after": 239,
        "wins_after": 1,
        "hot_after": 4
      },
      "Smântână": {
        "resolution_before": {
          "native_id": "n_v20gas_smantana",
          "projection": null
        },
        "resolution_after": {
          "native_id": "n_v20gas_smantana",
          "projection": null
        },
        "changed": 0,
        "unchanged": 239,
        "accepted_after": 239,
        "wins_after": 0,
        "hot_after": 2
      },
      "smântână pentru frișcă": {
        "resolution_before": {
          "native_id": "n_v88_food_smantana_dulce",
          "projection": null
        },
        "resolution_after": {
          "native_id": "n_v88_food_smantana_dulce",
          "projection": null
        },
        "changed": 0,
        "unchanged": 239,
        "accepted_after": 239,
        "wins_after": 0,
        "hot_after": 4
      },
      "Cremșnit": {
        "resolution_before": {
          "native_id": "n_v87_food_cremsnit",
          "projection": null
        },
        "resolution_after": {
          "native_id": "n_v87_food_cremsnit",
          "projection": null
        },
        "changed": 0,
        "unchanged": 239,
        "accepted_after": 239,
        "wins_after": 1,
        "hot_after": 1
      },
      "Pișcot": {
        "resolution_before": {
          "native_id": "n_v87_food_piscot",
          "projection": null
        },
        "resolution_after": {
          "native_id": "n_v87_food_piscot",
          "projection": null
        },
        "changed": 0,
        "unchanged": 239,
        "accepted_after": 239,
        "wins_after": 1,
        "hot_after": 1
      },
      "Zacuscă": {
        "resolution_before": {
          "native_id": "n_gas_zacusca",
          "projection": null
        },
        "resolution_after": {
          "native_id": "n_gas_zacusca",
          "projection": null
        },
        "changed": 0,
        "unchanged": 239,
        "accepted_after": 239,
        "wins_after": 1,
        "hot_after": 4
      },
      "Praf": {
        "resolution_before": {
          "native_id": null,
          "projection": {
            "id": "ctxp_81703160cad7893fa1c9",
            "anchor": "n_v24_nature_world_pamant"
          }
        },
        "resolution_after": {
          "native_id": null,
          "projection": {
            "id": "ctxp_81703160cad7893fa1c9",
            "anchor": "n_v24_nature_world_pamant"
          }
        },
        "changed": 0,
        "unchanged": 239,
        "accepted_after": 239,
        "wins_after": 0,
        "hot_after": 0
      },
      "Pământ": {
        "resolution_before": {
          "native_id": "n_v24_nature_world_pamant",
          "projection": null
        },
        "resolution_after": {
          "native_id": "n_v24_nature_world_pamant",
          "projection": null
        },
        "changed": 0,
        "unchanged": 239,
        "accepted_after": 239,
        "wins_after": 0,
        "hot_after": 0
      },
      "noroi": {
        "resolution_before": {
          "native_id": null,
          "projection": {
            "id": "ctxp_c89dd916043693908936",
            "anchor": "n_v24_nature_world_pamant"
          }
        },
        "resolution_after": {
          "native_id": null,
          "projection": {
            "id": "ctxp_c89dd916043693908936",
            "anchor": "n_v24_nature_world_pamant"
          }
        },
        "changed": 0,
        "unchanged": 239,
        "accepted_after": 239,
        "wins_after": 0,
        "hot_after": 0
      },
      "bolovan": {
        "resolution_before": {
          "native_id": null,
          "projection": {
            "id": "ctxp_290e3606858168a62e12",
            "anchor": "n_v24_nature_world_pamant"
          }
        },
        "resolution_after": {
          "native_id": null,
          "projection": {
            "id": "ctxp_290e3606858168a62e12",
            "anchor": "n_v24_nature_world_pamant"
          }
        },
        "changed": 0,
        "unchanged": 239,
        "accepted_after": 239,
        "wins_after": 0,
        "hot_after": 0
      },
      "praf de copt": {
        "resolution_before": {
          "native_id": "n_v87_food_praf_copt",
          "projection": null
        },
        "resolution_after": {
          "native_id": "n_v87_food_praf_copt",
          "projection": null
        },
        "changed": 0,
        "unchanged": 239,
        "accepted_after": 239,
        "wins_after": 0,
        "hot_after": 2
      },
      "a mătura": {
        "resolution_before": {
          "native_id": null,
          "projection": {
            "id": "ctxp_18371b6f3ee69ca0290e",
            "anchor": "n_v24_action_home_a_spala"
          }
        },
        "resolution_after": {
          "native_id": null,
          "projection": {
            "id": "ctxp_18371b6f3ee69ca0290e",
            "anchor": "n_v24_action_home_a_spala"
          }
        },
        "changed": 0,
        "unchanged": 239,
        "accepted_after": 239,
        "wins_after": 0,
        "hot_after": 0
      },
      "Făraș": {
        "resolution_before": {
          "native_id": "n_v31_cleaning_floor_faras",
          "projection": null
        },
        "resolution_after": {
          "native_id": "n_v31_cleaning_floor_faras",
          "projection": null
        },
        "changed": 0,
        "unchanged": 239,
        "accepted_after": 239,
        "wins_after": 0,
        "hot_after": 0
      },
      "Mop": {
        "resolution_before": {
          "native_id": "n_v31_cleaning_floor_mop",
          "projection": null
        },
        "resolution_after": {
          "native_id": "n_v31_cleaning_floor_mop",
          "projection": null
        },
        "changed": 0,
        "unchanged": 239,
        "accepted_after": 239,
        "wins_after": 0,
        "hot_after": 0
      },
      "Aspirator": {
        "resolution_before": {
          "native_id": "n_v31_cleaning_floor_aspirator",
          "projection": null
        },
        "resolution_after": {
          "native_id": "n_v31_cleaning_floor_aspirator",
          "projection": null
        },
        "changed": 0,
        "unchanged": 239,
        "accepted_after": 239,
        "wins_after": 0,
        "hot_after": 0
      },
      "Mătură": {
        "resolution_before": {
          "native_id": "n_v88_cleaning_matura",
          "projection": null
        },
        "resolution_after": {
          "native_id": "n_v88_cleaning_matura",
          "projection": null
        },
        "changed": 0,
        "unchanged": 239,
        "accepted_after": 239,
        "wins_after": 0,
        "hot_after": 0
      },
      "Burete de vase": {
        "resolution_before": {
          "native_id": "n_v31_cleaning_dishes_burete_vase",
          "projection": null
        },
        "resolution_after": {
          "native_id": "n_v31_cleaning_dishes_burete_vase",
          "projection": null
        },
        "changed": 0,
        "unchanged": 239,
        "accepted_after": 239,
        "wins_after": 0,
        "hot_after": 0
      },
      "Detergent": {
        "resolution_before": {
          "native_id": "n_v31_cleaning_supply_detergent",
          "projection": null
        },
        "resolution_after": {
          "native_id": "n_v31_cleaning_supply_detergent",
          "projection": null
        },
        "changed": 0,
        "unchanged": 239,
        "accepted_after": 239,
        "wins_after": 0,
        "hot_after": 0
      },
      "Găleată": {
        "resolution_before": {
          "native_id": "n_v31_cleaning_water_galeata",
          "projection": null
        },
        "resolution_after": {
          "native_id": "n_v31_cleaning_water_galeata",
          "projection": null
        },
        "changed": 0,
        "unchanged": 239,
        "accepted_after": 239,
        "wins_after": 0,
        "hot_after": 3
      },
      "Podea": {
        "resolution_before": {
          "native_id": "n_v24_home_surfaces_podea",
          "projection": null
        },
        "resolution_after": {
          "native_id": "n_v24_home_surfaces_podea",
          "projection": null
        },
        "changed": 0,
        "unchanged": 239,
        "accepted_after": 239,
        "wins_after": 0,
        "hot_after": 0
      },
      "Apă": {
        "resolution_before": {
          "native_id": "n_v4gas_apa",
          "projection": null
        },
        "resolution_after": {
          "native_id": "n_v4gas_apa",
          "projection": null
        },
        "changed": 0,
        "unchanged": 239,
        "accepted_after": 239,
        "wins_after": 0,
        "hot_after": 3
      },
      "Farfurie": {
        "resolution_before": {
          "native_id": "n_v30_kitchen_table_farfurie",
          "projection": null
        },
        "resolution_after": {
          "native_id": "n_v30_kitchen_table_farfurie",
          "projection": null
        },
        "changed": 0,
        "unchanged": 239,
        "accepted_after": 239,
        "wins_after": 0,
        "hot_after": 2
      },
      "Chiuvetă": {
        "resolution_before": {
          "native_id": "n_v33_bathroom_fixture_chiuveta",
          "projection": null
        },
        "resolution_after": {
          "native_id": "n_v33_bathroom_fixture_chiuveta",
          "projection": null
        },
        "changed": 0,
        "unchanged": 239,
        "accepted_after": 239,
        "wins_after": 0,
        "hot_after": 1
      },
      "Taburet": {
        "resolution_before": {
          "native_id": "n_v88_home_taburet",
          "projection": null
        },
        "resolution_after": {
          "native_id": "n_v88_home_taburet",
          "projection": null
        },
        "changed": 0,
        "unchanged": 239,
        "accepted_after": 239,
        "wins_after": 0,
        "hot_after": 0
      },
      "Scaun": {
        "resolution_before": {
          "native_id": "n_v24_home_seating_scaun",
          "projection": null
        },
        "resolution_after": {
          "native_id": "n_v24_home_seating_scaun",
          "projection": null
        },
        "changed": 0,
        "unchanged": 239,
        "accepted_after": 239,
        "wins_after": 0,
        "hot_after": 0
      },
      "Curățenie": {
        "resolution_before": {
          "native_id": null,
          "projection": null
        },
        "resolution_after": {
          "native_id": null,
          "projection": null
        },
        "changed": 0,
        "unchanged": 239,
        "accepted_after": 0,
        "wins_after": 0,
        "hot_after": 0
      },
      "Gunoi": {
        "resolution_before": {
          "native_id": null,
          "projection": null
        },
        "resolution_after": {
          "native_id": null,
          "projection": null
        },
        "changed": 0,
        "unchanged": 239,
        "accepted_after": 0,
        "wins_after": 0,
        "hot_after": 0
      },
      "Brioșă": {
        "resolution_before": {
          "native_id": "n_v87_food_briosa",
          "projection": null
        },
        "resolution_after": {
          "native_id": "n_v87_food_briosa",
          "projection": null
        },
        "changed": 0,
        "unchanged": 239,
        "accepted_after": 239,
        "wins_after": 0,
        "hot_after": 2
      },
      "Pâine": {
        "resolution_before": {
          "native_id": "n_v4gas_paine",
          "projection": null
        },
        "resolution_after": {
          "native_id": "n_v4gas_paine",
          "projection": null
        },
        "changed": 0,
        "unchanged": 239,
        "accepted_after": 239,
        "wins_after": 1,
        "hot_after": 2
      }
    }
  },
  "lant_guidance": {
    "old_records": 100,
    "shortest_options_shown_before_after": [
      206,
      206
    ],
    "boards_with_fewer_shortest_options_shown": [],
    "bounds_failures_after": [],
    "changed_ids": []
  }
}
