
> cat-de-roman-esti-frontend@0.1.0 build
> tsc --noEmit && vite build && npm run check:bundle

vite v8.1.4 building client environment for production...
[2Ktransforming...✓ 490 modules transformed.
rendering chunks...
computing gzip size...
../cat_de_roman_esti/web/static/index.html                                             1.16 kB │ gzip:   0.60 kB
../cat_de_roman_esti/web/static/assets/fredoka-latin-ext-wght-normal-CYrqKuxd.woff2    4.57 kB
../cat_de_roman_esti/web/static/.vite/manifest.json                                    5.97 kB │ gzip:   0.98 kB
../cat_de_roman_esti/web/static/assets/fredoka-latin-wght-normal-DM6njrJ3.woff2       29.73 kB
../cat_de_roman_esti/web/static/assets/inter-latin-wght-normal-Dx4kXJAl.woff2         48.25 kB
../cat_de_roman_esti/web/static/assets/inter-latin-ext-wght-normal-DO1Apj_S.woff2     85.06 kB
../cat_de_roman_esti/web/static/assets/Lant-CDVYGXUK.css                               0.73 kB │ gzip:   0.40 kB
../cat_de_roman_esti/web/static/assets/CaldRece-rhEghXDo.css                           1.01 kB │ gzip:   0.41 kB
../cat_de_roman_esti/web/static/assets/GameOptions-CEWYWGsz.css                        1.06 kB │ gzip:   0.44 kB
../cat_de_roman_esti/web/static/assets/Intrusul-D1oQwidZ.css                           1.80 kB │ gzip:   0.64 kB
../cat_de_roman_esti/web/static/assets/Conexiuni-CRniDikL.css                          2.43 kB │ gzip:   0.72 kB
../cat_de_roman_esti/web/static/assets/Perechi-Dnjh2U--.css                            2.62 kB │ gzip:   0.84 kB
../cat_de_roman_esti/web/static/assets/Alchimie-CATzOXOP.css                          13.86 kB │ gzip:   3.18 kB
../cat_de_roman_esti/web/static/assets/index-D9HNWgEs.css                             39.52 kB │ gzip:   8.79 kB
../cat_de_roman_esti/web/static/assets/GameSetupOptions-D4mGsRZU.js                    0.33 kB │ gzip:   0.24 kB
../cat_de_roman_esti/web/static/assets/GameOptions-CfT9aNq-.js                         0.35 kB │ gzip:   0.24 kB
../cat_de_roman_esti/web/static/assets/scoreSync-z1YjKrmW.js                           0.63 kB │ gzip:   0.39 kB
../cat_de_roman_esti/web/static/assets/derivedReplay-BkW_Ev1N.js                       0.95 kB │ gzip:   0.49 kB
../cat_de_roman_esti/web/static/assets/auth-BQkoQX_A.js                                1.18 kB │ gzip:   0.70 kB
../cat_de_roman_esti/web/static/assets/CategoryPicker-Ps0N2H1n.js                      3.39 kB │ gzip:   1.53 kB
../cat_de_roman_esti/web/static/assets/Ranking-C6SpM1jM.js                             3.47 kB │ gzip:   1.42 kB
../cat_de_roman_esti/web/static/assets/AccountBar-CekPRoew.js                          6.02 kB │ gzip:   2.11 kB
../cat_de_roman_esti/web/static/assets/Intrusul-CwMtpqAr.js                           10.56 kB │ gzip:   4.21 kB
../cat_de_roman_esti/web/static/assets/Perechi-CavGuWAo.js                            13.02 kB │ gzip:   4.97 kB
../cat_de_roman_esti/web/static/assets/useSavedGameResume-DJuy5EKJ.js                 14.92 kB │ gzip:   5.67 kB
../cat_de_roman_esti/web/static/assets/Conexiuni-DpwBojmU.js                          15.67 kB │ gzip:   5.99 kB
../cat_de_roman_esti/web/static/assets/Lant-D3bPHLqC.js                               18.11 kB │ gzip:   6.41 kB
../cat_de_roman_esti/web/static/assets/CaldRece-B-db6Ncy.js                           19.50 kB │ gzip:   6.65 kB
../cat_de_roman_esti/web/static/assets/Alchimie-BtNS0kBD.js                           40.02 kB │ gzip:  12.47 kB
../cat_de_roman_esti/web/static/assets/index-DKIH8qfP.js                             348.89 kB │ gzip: 114.72 kB

✓ built in 286ms

> cat-de-roman-esti-frontend@0.1.0 check:bundle
> node scripts/check-bundle-budget.mjs

Initial JS/CSS gzip budget (limit 120.0 KiB):
     8.53 KiB  assets/index-D9HNWgEs.css
   110.69 KiB  assets/index-DKIH8qfP.js
   119.22 KiB  total
Romanian font subsets: 4 (Latin + Latin Extended only)
