
> cat-de-roman-esti-frontend@0.1.0 test
> node --test tests/*.test.mjs

✔ empty reaction recovery uses an unordered pair key (1.1343ms)
✔ an authoritative empty response retains one ingredient for the next tap (0.310268ms)
✔ a second distinct ingredient submits through the single owned action path (0.267787ms)
✔ a sole useful discovery becomes the next anchor without another selection (0.338711ms)
✔ cancelling the anchor or changing games clears the immediate retry block (0.283888ms)
✔ Escape cancels without a global Enter submit or a separate combine button (0.333364ms)
✔ removing the anchor preserves keyboard focus and a 44px touch target (0.438103ms)
✔ Alchimie derives a bounded newest-first journal from server inventory (1.988536ms)
✔ earned reaction history remains available inside closed game options (0.414912ms)
✔ journal results reuse the shared ingredient interaction and keep 44px targets (0.291387ms)
✔ accepted empty combines use one persistent feedback path (0.230902ms)
✔ combine feedback has one nonterminal and one terminal announcement owner (0.318959ms)
✔ inventory offers short recent/useful/all views from server metadata (0.69469ms)
✔ compact search opens the full accent-insensitive encyclopedia (0.239715ms)
✔ depleted ingredients leave the active workspace but remain in all (0.139114ms)
✔ word tiles keep concise states while server readiness stays accessible (0.205684ms)
✔ combine contract exposes only bounded memory count and current retry verdict (0.099917ms)
✔ inventory uses touch-sized tiles and two columns on mobile (0.160549ms)
✔ progressive hint types keep the first hint output-only (0.141074ms)
✔ single-flight acquisition is synchronous and reusable after release (0.940147ms)
✔ authoritative recovery returns a committed terminal state (0.77114ms)
✔ failed recovery never invents or reuses a stale state (0.225441ms)
✔ initial bundle follows recursive static imports but excludes dynamic routes (1.156661ms)
✔ gzip measurement reads only manifest-selected output files (1.700147ms)
✔ budget configuration rejects zero, non-numeric, and infinite values (0.486096ms)
✔ font guard requires both Romanian-capable subsets for both families (0.322993ms)
✔ Cald sau Rece types the server-authored recovery fields (1.205811ms)
✔ unknown concepts become persistent recovery without a duplicate toast (0.256785ms)
✔ safe suggestions fill and focus the input but never submit (0.123027ms)
✔ accepted autocorrection remains visible, including on a corrected win (0.153817ms)
✔ recovery clears on explicit input and lifecycle transitions (0.316658ms)
✔ Conexiuni treats a retained one-away selection as an order-independent set (1.223167ms)
✔ Conexiuni snapshots and retains only a recoverable one-away guess (0.162837ms)
✔ Conexiuni blocks unchanged retries in submit, keyboard, and button paths (0.103245ms)
✔ Conexiuni preserves only a still-visible server-rejected duplicate (0.187718ms)
✔ Conexiuni never turns a generic duplicate rejection into one-away feedback (0.101801ms)
✔ mobile recovery and clues stay in normal flow immediately above the board (0.214358ms)
✔ authoritative refresh retires invisible selections without duplicating terminal errors (0.157317ms)
✔ the sticky coach keeps the bounded mistake budget visible without membership (0.190841ms)
✔ Indiciu unlocks up to a second clue and reflects remaining availability (0.228932ms)
✔ one frozen ticket owns the action and an unrelated finish cannot release it (1.441786ms)
✔ a successful recovery performs one read and returns the exact authoritative state (0.554902ms)
✔ a failed read has no stale substitute or automatic retry (0.1558ms)
✔ an owned missing-session read is classified without changing the pointer (0.135951ms)
✔ unmount or cancellation suppresses a late successful read (0.173362ms)
✔ an invalidated action cannot finish or adopt over a new same-ID operation (0.174645ms)
✔ a different saved game before recovery prevents even the old GET (0.189288ms)
✔ beginning from a displayed old round pauses before work when another ID is already saved (0.191389ms)
✔ a pointer change during a success read suppresses adoption and pointer cleanup (0.321679ms)
✔ a pointer change during a missing read suppresses adoption and pointer cleanup (0.328445ms)
✔ a pointer change during a failed read suppresses adoption and pointer cleanup (0.201146ms)
✔ a locally owned round can recover when browser storage is unavailable (0.240345ms)
✔ a new stored pointer disowns a formerly local-only recovery (0.199135ms)
✔ a mismatched or missing response ID cannot become the owned state (other) (0.224764ms)
✔ a mismatched or missing response ID cannot become the owned state (undefined) (0.102725ms)
✔ manual recovery can acquire a fresh read after a failed one finishes (0.308453ms)
✔ contexto client exposes the bounded category clue route (0.950487ms)
✔ contexto types the progressive non-target warmer clue (0.325341ms)
✔ contexto guesses expose the server-authored rank field (0.178241ms)
✔ clue result does not type a revealed target as part of the direct response (0.165436ms)
✔ accepted guesses type stable ordinals and bounded server comparison kinds (1.007825ms)
✔ Bune and Recente use server rank order and stable attempt ordinals (0.426571ms)
✔ the latest accepted guess renders exactly one server-authored comparison (0.204549ms)
✔ terminal results and clue cards each have one announcement owner (0.225123ms)
✔ the guess form exposes the paid clue while optional controls stay in the menu (0.263979ms)
✔ reveal requires an inline confirmation and the first tap cannot call giveup (0.195291ms)
✔ guess, clue, and game lifecycle dismiss an armed reveal (0.315669ms)
✔ Cald sau Rece labels the next server-authored clue stage (0.615993ms)
✔ compact clue cards keep category and warmer word visible on mobile (0.171913ms)
✔ the warmer word is a phone-safe fill action (0.191176ms)
✔ guess responses retain progressive clue state from the server (0.139074ms)
✔ a rejected stale clue refreshes authoritative availability (0.228053ms)
✔ keeps exactly one opaque completed id per derived game (1.478185ms)
✔ migrates the bounded direct-map shape and discards unknown fields (0.183392ms)
✔ rejects oversized and control-character ids without replacing good memory (0.15914ms)
✔ malformed and future-version documents fail safely without being overwritten (0.174042ms)
✔ collection stores replay instructions and resumes without private recipe-book data (1.842083ms)
✔ malformed and excessive checkpoints are preserved and never overwritten (0.391844ms)
✔ an older revision cannot replace a more advanced tab (0.3387ms)
✔ concurrent discoveries in separate sessions form a replayable union (0.413013ms)
✔ union keeps ingredient order, drops duplicate pairs, and respects world and size bounds (0.426989ms)
✔ a checkpoint requires the exact lowercase recipe-book binding (0.215878ms)
✔ unavailable storage reports explicitly without crashing play (0.198927ms)
✔ browser locks serialize competing saves and preserve both discoveries (0.326673ms)
✔ a screen leaving while its storage lock waits cannot write afterward (0.208036ms)
✔ every live game has concise guidance for goal, feedback and recovery (7.236365ms)
✔ help explains different kinds of relationship without revealing a board answer (0.219544ms)
✔ rules use a closed native disclosure with no session or clue side effects (0.415266ms)
✔ earned Alchimie evidence preserves the server's oriented relationship (1.139046ms)
✔ Lanț client preserves bounded server recovery fields (1.353388ms)
✔ Lanț keeps move recovery visible and exposes fuzzy spelling choices (0.378535ms)
✔ Lanț preserves an autocorrection message when the corrected hop wins (0.19894ms)
✔ Lanț renders local relation chips and keeps free typing available (0.203644ms)
✔ Lanț renders coarse move progress and highlights recommended undo (0.235745ms)
✔ Lanț renders the directional progress cue for any server-sent difficulty, including normal (ADR-0046) (0.201538ms)
✔ Lanț intro discloses the corridor/detour mix, free undo, free typing, and the 64-move cap (0.226329ms)
✔ Lanț renders progressive direction, alternatives, and one-hop help (0.539715ms)
✔ Lanț turns revisit traps into a recommendation on the existing free-undo action (0.258892ms)
✔ Lanț spelling recovery fills focus only fine pointers; exact hint choices make a deliberate hop (0.583836ms)
✔ all games teach the loop with a semantic three-step guide (1.417529ms)
✔ mobile layout wraps status and keeps category rails compact with 44px targets (0.636057ms)
✔ Romanian labels wrap on a responsive Connections board and long paths scroll (0.644387ms)
✔ global shortcuts ignore focused controls instead of double-submitting (0.399405ms)
✔ touch users get visible rank meaning and important feedback is announced (0.508254ms)
✔ an ordinary live Conexiuni exit conditionally forgets its pointer while uncertainty and terminal scoring preserve it (1.100978ms)
✔ Escape still clears a Conexiuni selection (0.208345ms)
✔ narrow screens keep exit visible and offset every second sticky game surface (0.557946ms)
✔ only the compact Conexiuni coach sticks; feedback remains before the board (0.160004ms)
✔ Conexiuni explains every difficulty with visible plain-language copy (0.195984ms)
✔ a stale lazy chunk reloads once and prevents Vite's rejected import (0.948033ms)
✔ the loop guard follows client-side navigation before a lazy import fails (0.165801ms)
✔ a successful reloaded bundle clears the loop guard after a bounded delay (0.176076ms)
✔ cleanup removes the global listener (0.139345ms)
✔ no saved id completes without loading or clearing storage (1.814019ms)
✔ live and terminal saved games are adopted and remain remembered (1.096023ms)
✔ 404 conditionally clears its ID while a transient failure retains it (0.38601ms)
✔ late success, 404, and transient outcomes cannot overwrite a newer pointer (0.361887ms)
✔ a settled outcome is rechecked before delivery (0.181999ms)
✔ StrictMode resubscribe shares one request and unmount suppresses delivery (0.246917ms)
✔ cancel before create prevents an old resume from clearing the new loading owner (0.182285ms)
✔ unmounted terminal/transient retain their ID; unmounted 404 clears only its ID (0.334053ms)
✔ a retry attempt snapshots the latest pointer and loads it once (0.251919ms)
✔ one shared lock records concurrent claims for one terminal session once (1.803085ms)
✔ different completed IDs and different games each record under the shared lock (5.748019ms)
✔ the no-Web-Locks fallback preserves play and deduplicates sequential reloads (0.378859ms)
✔ receipt normalization expires stale rows and rejects malformed or future rows (0.258878ms)
✔ the private receipt ledger stays capped at 1,000 rows per game (1.329986ms)
✔ exports and account-facing rows omit receipts; ordinary writes preserve them (0.873595ms)
✔ a failed atomic write persists neither the score nor its receipt (0.186867ms)
✔ unavailable browser storage never blocks terminal play (0.221443ms)
✔ one or two normal losses keep the derived starter shelf (1.917322ms)
✔ one positive normal result graduates immediately (0.419054ms)
✔ three normal losses graduate without trapping a player on starters (1.601529ms)
✔ daily results never advance attempts or mastery (0.619209ms)
✔ bounded progress survives the recent 50-entry window (5.659271ms)
✔ legacy history infers mastery without treating unknown completion as a win (0.260855ms)
✔ imports merge bounded attempts by max and mastery by OR (0.652257ms)
✔ progress is capped and malformed storage defaults safely to starter (0.217341ms)
✔ route presence keys the direct Suspense child so exit animations can finish (0.81337ms)
✔ daily games consistently carry the selected difficulty (0.204883ms)
✔ all result screens offer immediate replay and a distinct options action (0.346289ms)
✔ Lanț reports its optimal benchmark without inventing distance after detours (0.185994ms)
✔ Romanian-first shell copy keeps the brand and game rules truthful (0.576774ms)
✔ pilot lobby keeps the provisional fun-first game order (1.524985ms)
✔ only Intrusul receives the terse first-play highlight (0.519786ms)
✔ first-time players see games without an empty history wall (0.381505ms)
✔ the existing responsive grid keeps one-column phone cards (0.228601ms)
✔ intrusul retry preserves the exact public earned snapshot after read failure (1.317863ms)
✔ perechi retry preserves the exact public earned snapshot after read failure (0.342371ms)
✔ create and replay are single-flight with visible result busy state (0.472911ms)
✔ quick games explain locked hints and visibly price only the available hint action (0.438796ms)
✔ V38 lobby is six games in the tested fun-first order (1.785001ms)
✔ new game screens and their styles stay behind lazy routes (0.213771ms)
✔ personalized starts and replay fatigue use only non-daily query inputs (0.40122ms)
✔ both boards are tap-first, compact and responsive from tiny phones to desktop (0.413953ms)
✔ earned feedback is short, announced and server score stays terminal-only (0.403738ms)
✔ six-game ranking navigation switches to a native control on phones (0.237569ms)
✔ Intrusul HUD omits source difficulty that does not describe puzzle state (1.069434ms)
✔ Perechi removes solved grid tiles but keeps earned pair history (0.270468ms)
✔ Perechi focus follows the next active tile and wraps in board order (0.292769ms)
✔ Perechi moves focus only when a focused solved tile disappears (0.274552ms)
✔ daily derived results identify free play while normal replay keeps its default (0.221327ms)
✔ UI clarity additions do not reference private derived metadata (0.254604ms)
✔ daily circuit has the exact six-game product order and an empty safe default (1.198886ms)
✔ zero-score runs count, best daily scores win, and every score is clamped (0.338776ms)
✔ malformed and imported histories stay deterministic and local (0.764851ms)
✔ Home renders local-only circuit actions and keeps completed rows read-only (1.631955ms)
✔ circuit markup exposes headings, status text, and a labelled progress list (0.226559ms)
✔ daily circuit CSS is mobile-first, compact, and scales to desktop (0.301031ms)
✔ tied rows identify the requester explicitly and keep an off-list self card (0.845467ms)
✔ ranking copy describes verified records rather than knowledge or fun (0.220975ms)
✔ public visibility needs an explicit nickname and the account copy stays private (0.824479ms)
✔ score-copy code has only a POST transport and no server-to-local path (0.952306ms)
✔ category metadata types the exact game and difficulty availability matrix (0.75501ms)
✔ the picker shows exact playable shelves and clears a stale selection (0.216848ms)
✔ all four configurable game screens bind category availability to difficulty (0.310256ms)
✔ ranking retries the selected game from a clean request state (1.889872ms)
✔ accounts-off and transient failures have distinct next actions (0.249971ms)
✔ loading and errors are announced in a centered touch-safe state card (0.318957ms)
✔ closed game options offer a fresh board without leaving the game (0.810155ms)
✔ the new action keeps a 44px touch target (0.135966ms)
✔ the cold half is split into six tiers everywhere the client renders them (0.821538ms)
✔ the rank direction is explained beside the input without a help action (0.205816ms)
✔ a fuzzy correction is offered as an explicit chip and only then costs an attempt (0.244363ms)
✔ the typed text survives a confirmation request so it stays correctable (0.11682ms)
✔ Intrusul and Perechi show the starter-shelf hint only pre-graduation (1.102032ms)
✔ Intrusul loss reveal names the intruder and the group without leaking pre-terminal (0.151836ms)
✔ Perechi loss reveal states earned progress out of four using session-known solved_count (0.134227ms)
✔ same-day recording is idempotent (1.332609ms)
✔ a consecutive calendar day increments the streak (0.300607ms)
✔ a gap resets the streak to 1 (0.230626ms)
✔ zero-score daily completions still count toward the streak (0.181533ms)
✔ malformed or absent streak payloads never throw and recompute conservatively (0.366244ms)
✔ importing history never overwrites the existing local streak (0.455463ms)
✔ imported daily rows cannot create a streak on a fresh device (0.544865ms)
✔ export leaves the device-local streak out of portable history (0.366845ms)
✔ clearing scores also clears the local streak (0.140887ms)
✔ Home shows the fire streak chip only from one day, with correct Romanian pluralization (0.186075ms)
✔ the diploma stamp renders only once the circuit is 6/6 (0.084439ms)
✔ the diploma share text matches the specified copy and reuses the existing share/copy helpers (0.115714ms)
✔ the starter chip appears on Intrusul/Perechi cards only pre-graduation (0.083254ms)
✔ the hero tagline names the cultural range and keeps the h1 untouched (0.070938ms)
✔ meta-loop CSS lives under its V42 anchor and keeps the diploma action >=44px (0.095106ms)
✔ optional account controls stay outside the initial bundle graph (0.045968ms)
ℹ tests 204
ℹ suites 0
ℹ pass 204
ℹ fail 0
ℹ cancelled 0
ℹ skipped 0
ℹ todo 0
ℹ duration_ms 369.864845
