
> cat-de-roman-esti-frontend@0.1.0 test:e2e
> playwright test --workers=4 e2e/alchimie-exploration.spec.mjs


Running 24 tests using 2 workers

(node:2240493) Warning: The 'NO_COLOR' env is ignored due to the 'FORCE_COLOR' env being set.
(Use `node --trace-warnings ...` to show where the warning was created)
(node:2240492) Warning: The 'NO_COLOR' env is ignored due to the 'FORCE_COLOR' env being set.
(Use `node --trace-warnings ...` to show where the warning was created)
[WebServer] /home/dobo/work/cat_de_roman_esti/.venv/lib/python3.12/site-packages/django/core/handlers/asgi.py:336: Warning: StreamingHttpResponse must consume synchronous iterators in order to serve them asynchronously. Use an asynchronous iterator instead.
[WebServer]   async for part in content:
[WebServer] Not Found: /api/alchimie/explore/expired-exploration-session
[WebServer] 2026-09-13 14:54:27,537 WARNING django.request: Not Found: /api/alchimie/explore/expired-exploration-session
[WebServer] Not Found: /api/alchimie/explore/expired-exploration-session
[WebServer] 2026-09-13 14:54:27,547 WARNING django.request: Not Found: /api/alchimie/explore/expired-exploration-session
  ✓   2 [desktop] › e2e/alchimie-exploration.spec.mjs:68:1 › exploration is the clean default, saves discoveries, searches accents and restores expired sessions (2.2s)
  ✓   1 [mobile] › e2e/alchimie-exploration.spec.mjs:68:1 › exploration is the clean default, saves discoveries, searches accents and restores expired sessions (2.4s)
  ✓   3 [desktop] › e2e/alchimie-exploration.spec.mjs:99:1 › optional goal completion keeps exploration playable and pantry gifts arrive automatically (1.1s)
  ✓   4 [mobile] › e2e/alchimie-exploration.spec.mjs:99:1 › optional goal completion keeps exploration playable and pantry gifts arrive automatically (1.2s)
  ✓   5 [desktop] › e2e/alchimie-exploration.spec.mjs:124:1 › dragging a suggested word onto its partner crafts directly (826ms)
  ✓   6 [mobile] › e2e/alchimie-exploration.spec.mjs:124:1 › dragging a suggested word onto its partner crafts directly (922ms)
  ✓   7 [desktop] › e2e/alchimie-exploration.spec.mjs:134:1 › a lost combine response reconciles once without submitting the recipe twice (790ms)
  ✓   8 [mobile] › e2e/alchimie-exploration.spec.mjs:134:1 › a lost combine response reconciles once without submitting the recipe twice (878ms)
  ✓   9 [desktop] › e2e/alchimie-exploration.spec.mjs:152:1 › failed recovery blocks mutations until the authoritative collection reloads (857ms)
  ✓  10 [mobile] › e2e/alchimie-exploration.spec.mjs:152:1 › failed recovery blocks mutations until the authoritative collection reloads (968ms)
  ✓  11 [desktop] › e2e/alchimie-exploration.spec.mjs:168:1 › a second tab cannot overwrite newer saved progress (1.7s)
  ✓  13 [desktop] › e2e/alchimie-exploration.spec.mjs:183:1 › a malformed local checkpoint stays preserved with visible recovery (637ms)
  ✓  12 [mobile] › e2e/alchimie-exploration.spec.mjs:168:1 › a second tab cannot overwrite newer saved progress (1.8s)
  ✓  15 [mobile] › e2e/alchimie-exploration.spec.mjs:183:1 › a malformed local checkpoint stays preserved with visible recovery (788ms)
[WebServer] Not Found: /api/alchimie/explore/expired-exploration-session
[WebServer] 2026-09-13 14:54:34,788 WARNING django.request: Not Found: /api/alchimie/explore/expired-exploration-session
[WebServer] Conflict: /api/alchimie/explore
[WebServer] 2026-09-13 14:54:34,796 WARNING django.request: Conflict: /api/alchimie/explore
  ✓  14 [desktop] › e2e/alchimie-exploration.spec.mjs:193:1 › a checkpoint from a different recipe book is retained when restore is rejected (1.3s)
[WebServer] Not Found: /api/alchimie/explore/expired-exploration-session
[WebServer] 2026-09-13 14:54:35,611 WARNING django.request: Not Found: /api/alchimie/explore/expired-exploration-session
[WebServer] Conflict: /api/alchimie/explore
[WebServer] 2026-09-13 14:54:35,619 WARNING django.request: Conflict: /api/alchimie/explore
[WebServer] Not Found: /api/alchimie/explore/expired-original-kitchen-session
[WebServer] 2026-09-13 14:54:35,702 WARNING django.request: Not Found: /api/alchimie/explore/expired-original-kitchen-session
  ✓  16 [mobile] › e2e/alchimie-exploration.spec.mjs:193:1 › a checkpoint from a different recipe book is retained when restore is rejected (1.4s)
[WebServer] Not Found: /api/alchimie/explore/expired-original-kitchen-session
[WebServer] 2026-09-13 14:54:36,678 WARNING django.request: Not Found: /api/alchimie/explore/expired-original-kitchen-session
  ✓  17 [desktop] › e2e/alchimie-exploration.spec.mjs:209:1 › the original kitchen collection upgrades without losing recipes, pantry supplies or its chosen goal (1.9s)
[WebServer] Not Found: /api/alchimie/explore/expired-111-concept-kitchen-session
[WebServer] 2026-09-13 14:54:37,660 WARNING django.request: Not Found: /api/alchimie/explore/expired-111-concept-kitchen-session
  ✓  18 [mobile] › e2e/alchimie-exploration.spec.mjs:209:1 › the original kitchen collection upgrades without losing recipes, pantry supplies or its chosen goal (2.1s)
[WebServer] Not Found: /api/alchimie/explore/expired-111-concept-kitchen-session
[WebServer] 2026-09-13 14:54:38,792 WARNING django.request: Not Found: /api/alchimie/explore/expired-111-concept-kitchen-session
  ✓  19 [desktop] › e2e/alchimie-exploration.spec.mjs:245:1 › a completed 111-concept collection keeps every earned item and opens the larger world (2.2s)
  ✓  20 [mobile] › e2e/alchimie-exploration.spec.mjs:245:1 › a completed 111-concept collection keeps every earned item and opens the larger world (2.3s)
  ✓  21 [desktop] › e2e/alchimie-exploration.spec.mjs:288:1 › the daily circuit opens scored challenges while the arcade card opens exploration (2.8s)
  ✓  22 [mobile] › e2e/alchimie-exploration.spec.mjs:288:1 › the daily circuit opens scored challenges while the arcade card opens exploration (3.0s)
  ✓  23 [desktop] › e2e/alchimie-exploration.spec.mjs:298:1 › exploration intro, active collection and earned recipes are accessible (4.2s)
  ✓  24 [mobile] › e2e/alchimie-exploration.spec.mjs:298:1 › exploration intro, active collection and earned recipes are accessible (4.5s)

  24 passed (23.8s)
