
> cat-de-roman-esti-frontend@0.1.0 build
> tsc --noEmit && vite build && npm run check:bundle

vite v8.1.4 building client environment for production...
[2Ktransforming...✓ 490 modules transformed.
rendering chunks...
computing gzip size...
../cat_de_roman_esti/web/static/index.html                                             1.16 kB │ gzip:   0.59 kB
../cat_de_roman_esti/web/static/assets/fredoka-latin-ext-wght-normal-CYrqKuxd.woff2    4.57 kB
../cat_de_roman_esti/web/static/.vite/manifest.json                                    5.97 kB │ gzip:   0.98 kB
../cat_de_roman_esti/web/static/assets/fredoka-latin-wght-normal-DM6njrJ3.woff2       29.73 kB
../cat_de_roman_esti/web/static/assets/inter-latin-wght-normal-Dx4kXJAl.woff2         48.25 kB
../cat_de_roman_esti/web/static/assets/inter-latin-ext-wght-normal-DO1Apj_S.woff2     85.06 kB
../cat_de_roman_esti/web/static/assets/Lant-NRun4RQo.css                               0.77 kB │ gzip:   0.41 kB
../cat_de_roman_esti/web/static/assets/GameOptions-CEWYWGsz.css                        1.06 kB │ gzip:   0.44 kB
../cat_de_roman_esti/web/static/assets/CaldRece-B885PE19.css                           1.07 kB │ gzip:   0.41 kB
../cat_de_roman_esti/web/static/assets/Intrusul-D1oQwidZ.css                           1.80 kB │ gzip:   0.64 kB
../cat_de_roman_esti/web/static/assets/Conexiuni-BWRoQO9R.css                          2.59 kB │ gzip:   0.75 kB
../cat_de_roman_esti/web/static/assets/Perechi-Dnjh2U--.css                            2.62 kB │ gzip:   0.84 kB
../cat_de_roman_esti/web/static/assets/Alchimie-BdhK_mgC.css                          14.99 kB │ gzip:   3.39 kB
../cat_de_roman_esti/web/static/assets/index-D9HNWgEs.css                             39.52 kB │ gzip:   8.79 kB
../cat_de_roman_esti/web/static/assets/GameSetupOptions-CPL4wsNT.js                    0.33 kB │ gzip:   0.24 kB
../cat_de_roman_esti/web/static/assets/GameOptions-Bse6jH6S.js                         0.35 kB │ gzip:   0.24 kB
../cat_de_roman_esti/web/static/assets/scoreSync-Bd_L3IZB.js                           0.63 kB │ gzip:   0.38 kB
../cat_de_roman_esti/web/static/assets/derivedReplay-BkW_Ev1N.js                       0.95 kB │ gzip:   0.49 kB
../cat_de_roman_esti/web/static/assets/auth-BQkoQX_A.js                                1.18 kB │ gzip:   0.70 kB
../cat_de_roman_esti/web/static/assets/CategoryPicker-BBteQvjC.js                      3.39 kB │ gzip:   1.52 kB
../cat_de_roman_esti/web/static/assets/Ranking-BwKw5GHE.js                             3.47 kB │ gzip:   1.42 kB
../cat_de_roman_esti/web/static/assets/AccountBar-DVd_T_GB.js                          6.02 kB │ gzip:   2.10 kB
../cat_de_roman_esti/web/static/assets/Intrusul-aZpgReIX.js                           10.56 kB │ gzip:   4.20 kB
../cat_de_roman_esti/web/static/assets/Perechi-BsjEni_d.js                            13.02 kB │ gzip:   4.97 kB
../cat_de_roman_esti/web/static/assets/useSavedGameResume-DIyun_vA.js                 14.92 kB │ gzip:   5.67 kB
../cat_de_roman_esti/web/static/assets/Conexiuni-DQNDuUPp.js                          15.67 kB │ gzip:   5.98 kB
../cat_de_roman_esti/web/static/assets/Lant-ChBDsgNv.js                               18.11 kB │ gzip:   6.41 kB
../cat_de_roman_esti/web/static/assets/CaldRece-D42-5u1A.js                           19.51 kB │ gzip:   6.65 kB
../cat_de_roman_esti/web/static/assets/Alchimie-RgTcPdir.js                           43.57 kB │ gzip:  13.33 kB
../cat_de_roman_esti/web/static/assets/index-Vcrk0evd.js                             348.89 kB │ gzip: 114.72 kB

✓ built in 183ms

> cat-de-roman-esti-frontend@0.1.0 check:bundle
> node scripts/check-bundle-budget.mjs

Initial JS/CSS gzip budget (limit 120.0 KiB):
     8.53 KiB  assets/index-D9HNWgEs.css
   110.69 KiB  assets/index-Vcrk0evd.js
   119.22 KiB  total
Romanian font subsets: 4 (Latin + Latin Extended only)
