{
  "path": "docs/reviews/gui-original-react/receipt.json",
  "sha256": "a36a9c9fb7278753a6dcc3d6afbf0a52edde2067d1f5627e25a53cc5e667a29b",
  "source_sha": "ae9be5b5a0f891dd5d36d6bb18945e9dcd8102a5",
  "tree_sha256": "03dc2fd85a7abb2b095dbf5eca481ff21e92019f621504ae263344354384d66d",
  "toolchain_digest": "sha256:2e040a5165d79be63755424f707fdb8cf609ace831ada7a9baca398ac25e12b9",
  "runtime_sdk": {
    "name": "@roedu/ui",
    "version": "0.3.0",
    "archive_sha256": "1934a81cdfd737a051f591ebcae072f5028943b715456dbb2899b483d399c244",
    "manifest_sha256": "1e693baa0e9187ffcdd6c35f841370e70ec71551751d10fc01902b6be2f57357",
    "entry": "dist/index.js",
    "entry_sha256": "45bc37efd15df1d9671d17e5d5f96518128a19da9af4bdfc3d437906ab8d049d"
  },
  "runtime_dependencies": {
    "react": "19.2.7",
    "react-dom": "19.2.7",
    "framer-motion": "12.42.2"
  },
  "dependency_graph": {
    "manifest": {
      "path": "docs/reviews/gui-original-react/original-package.json",
      "sha256": "efde2d3fbdebc5899dc63ca6b518cab0d60370ef36a7301477da720f4978e2e9"
    },
    "lock": {
      "path": "docs/reviews/gui-original-react/original-lock.json",
      "sha256": "f72661b4bd7ad129a6771037bf900a616a0fdf84bbb41f70c6d118b69fb1b62c"
    }
  },
  "fixture_ids": [
    "original-intrusul-intro-single-flight",
    "original-intrusul-leaving-actions",
    "original-intrusul-leaving-earned-hint",
    "original-intrusul-leaving-recovery-retry",
    "original-intrusul-held-winning-mutation",
    "original-intrusul-held-winning-read",
    "original-intrusul-held-winning-unmounted",
    "original-intrusul-private-upload-once-after-resume",
    "original-perechi-intro-single-flight",
    "original-perechi-leaving-actions",
    "original-perechi-leaving-earned-hint",
    "original-perechi-leaving-recovery-retry",
    "original-perechi-held-winning-mutation",
    "original-perechi-held-winning-read",
    "original-perechi-held-winning-unmounted",
    "original-perechi-private-upload-once-after-resume"
  ],
  "assertion_count": 78,
  "evidence_paths": [
    "docs/reviews/gui-original-react/original-package.json",
    "docs/reviews/gui-original-react/original-lock.json",
    "docs/reviews/gui-original-react/runtime.spec.mjs",
    "docs/reviews/gui-original-react/runtime.spec.mjs",
    "docs/reviews/gui-original-react/runtime.spec.mjs",
    "docs/reviews/gui-original-react/runtime.spec.mjs",
    "docs/reviews/gui-original-react/runtime.spec.mjs",
    "docs/reviews/gui-original-react/runtime.spec.mjs",
    "docs/reviews/gui-original-react/runtime.spec.mjs",
    "docs/reviews/gui-original-react/runtime.spec.mjs",
    "docs/reviews/gui-original-react/runtime.spec.mjs",
    "docs/reviews/gui-original-react/runtime.spec.mjs",
    "docs/reviews/gui-original-react/runtime.spec.mjs",
    "docs/reviews/gui-original-react/runtime.spec.mjs",
    "docs/reviews/gui-original-react/runtime.spec.mjs",
    "docs/reviews/gui-original-react/runtime.spec.mjs",
    "docs/reviews/gui-original-react/runtime.spec.mjs",
    "docs/reviews/gui-original-react/runtime.spec.mjs",
    "docs/reviews/gui-original-react/native-report.json",
    "docs/reviews/gui-original-react/stdout.log",
    "docs/reviews/gui-original-react/stderr.log"
  ]
}
