2026/10/07 06:43:01 Go arcade 1.0.1: all six games and exploration; listen 127.0.0.1:8138
Captured original route /: 2 axe fingerprints
Captured original route /intrusul: 1 axe fingerprints
Captured original route /perechi: 1 axe fingerprints
Captured original route /conexiuni: 1 axe fingerprints
Captured original route /alchimie?mode=challenges: 1 axe fingerprints
Captured original route /alchimie?mode=explore: 1 axe fingerprints
Captured original route /cald-rece: 1 axe fingerprints
Captured original route /lant: 1 axe fingerprints
Captured original route /clasament: 1 axe fingerprints
Measured Conexiuni select run 1/5 with actual callbacks and action entries
Measured Conexiuni select run 2/5 with actual callbacks and action entries
Measured Conexiuni select run 3/5 with actual callbacks and action entries
Measured Conexiuni select run 4/5 with actual callbacks and action entries
Measured Conexiuni select run 5/5 with actual callbacks and action entries
Measured Alchimie combine run 1/5 with actual callbacks and action entries
Measured Alchimie combine run 2/5 with actual callbacks and action entries
Measured Alchimie combine run 3/5 with actual callbacks and action entries
Measured Alchimie combine run 4/5 with actual callbacks and action entries
Measured Alchimie combine run 5/5 with actual callbacks and action entries
