vite v8.1.4 building client environment for production...
[2Ktransforming...✓ 494 modules transformed.
rendering chunks...
computing gzip size...
../cat_de_roman_esti/web/static/index.html                                             1.16 kB │ gzip:   0.60 kB
../cat_de_roman_esti/web/static/assets/fredoka-latin-ext-wght-normal-CYrqKuxd.woff2    4.57 kB
../cat_de_roman_esti/web/static/.vite/manifest.json                                    6.00 kB │ gzip:   0.98 kB
../cat_de_roman_esti/web/static/assets/fredoka-latin-wght-normal-DM6njrJ3.woff2       29.73 kB
../cat_de_roman_esti/web/static/assets/inter-latin-wght-normal-Dx4kXJAl.woff2         48.25 kB
../cat_de_roman_esti/web/static/assets/inter-latin-ext-wght-normal-DO1Apj_S.woff2     85.06 kB
../cat_de_roman_esti/web/static/assets/GameOptions-CEWYWGsz.css                        1.06 kB │ gzip:   0.44 kB
../cat_de_roman_esti/web/static/assets/CaldRece-B885PE19.css                           1.07 kB │ gzip:   0.41 kB
../cat_de_roman_esti/web/static/assets/Lant-BHivICVC.css                               1.18 kB │ gzip:   0.54 kB
../cat_de_roman_esti/web/static/assets/Intrusul-D_KdYx8Y.css                           1.99 kB │ gzip:   0.71 kB
../cat_de_roman_esti/web/static/assets/Perechi-DUzfG4A6.css                            2.80 kB │ gzip:   0.90 kB
../cat_de_roman_esti/web/static/assets/Conexiuni-DfW6SbKo.css                          3.01 kB │ gzip:   0.82 kB
../cat_de_roman_esti/web/static/assets/Alchimie-DdrzYmQc.css                          15.35 kB │ gzip:   3.48 kB
../cat_de_roman_esti/web/static/assets/index-D9HNWgEs.css                             39.52 kB │ gzip:   8.79 kB
../cat_de_roman_esti/web/static/assets/GameSetupOptions-CMNeowgo.js                    0.33 kB │ gzip:   0.24 kB
../cat_de_roman_esti/web/static/assets/GameOptions-ia4sPKKo.js                         0.40 kB │ gzip:   0.27 kB
../cat_de_roman_esti/web/static/assets/scoreSync-BVBILyAK.js                           0.63 kB │ gzip:   0.39 kB
../cat_de_roman_esti/web/static/assets/derivedReplay-Bor7pKb-.js                       0.95 kB │ gzip:   0.49 kB
../cat_de_roman_esti/web/static/assets/auth-CnzO1y42.js                                1.16 kB │ gzip:   0.68 kB
../cat_de_roman_esti/web/static/assets/CategoryPicker-BdaaYRb5.js                      3.39 kB │ gzip:   1.53 kB
../cat_de_roman_esti/web/static/assets/Ranking-m788lj7M.js                             3.47 kB │ gzip:   1.42 kB
../cat_de_roman_esti/web/static/assets/AccountBar-B_1k6UL8.js                          5.98 kB │ gzip:   2.11 kB
../cat_de_roman_esti/web/static/assets/Intrusul-Ga_cb812.js                           10.93 kB │ gzip:   4.39 kB
../cat_de_roman_esti/web/static/assets/Perechi-BmY0hozH.js                            13.37 kB │ gzip:   5.14 kB
../cat_de_roman_esti/web/static/assets/Conexiuni-Cpid-uuX.js                          15.86 kB │ gzip:   6.06 kB
../cat_de_roman_esti/web/static/assets/useSavedGameResume-DPDD-JYv.js                 16.04 kB │ gzip:   6.20 kB
../cat_de_roman_esti/web/static/assets/Lant-CNm6lAs4.js                               18.69 kB │ gzip:   6.57 kB
../cat_de_roman_esti/web/static/assets/CaldRece-BeT20Ptx.js                           19.84 kB │ gzip:   6.77 kB
../cat_de_roman_esti/web/static/assets/Alchimie-BkN0hBpY.js                           44.65 kB │ gzip:  13.65 kB
../cat_de_roman_esti/web/static/assets/index-qYTSE3Vo.js                             350.67 kB │ gzip: 115.29 kB

✓ built in 4.22s
Initial JS/CSS gzip budget (limit 120.0 KiB):
     8.53 KiB  assets/index-D9HNWgEs.css
   111.24 KiB  assets/index-qYTSE3Vo.js
   119.78 KiB  total
Romanian font subsets: 4 (Latin + Latin Extended only)
